<SXLEMAP version='1.1' name='ISOTOP_MAP'>
  <TABLE name='tfls'>
    <TABLE-PATH>/catalog/tfls</TABLE-PATH>
      <COLUMN name='PGMNAME'>
        <PATH>/catalog/tfls/PGMNAME</PATH>
        <TYPE>character</TYPE>
        <DATATYPE>STRING</DATATYPE>
        <LENGTH>200</LENGTH>
      </COLUMN>
      <COLUMN name='TFLTYPE'>
        <PATH>/catalog/tfls/TFLTYPE</PATH>
        <TYPE>character</TYPE>
        <DATATYPE>STRING</DATATYPE>
        <LENGTH>200</LENGTH>
      </COLUMN>
      <COLUMN name='AREA'>
        <PATH>/catalog/tfls/AREA</PATH>
        <TYPE>character</TYPE>
        <DATATYPE>STRING</DATATYPE>
        <LENGTH>200</LENGTH>
      </COLUMN>
      <COLUMN name='TFLNUM'>
        <PATH>/catalog/tfls/TFLNUM</PATH>
        <TYPE>character</TYPE>
        <DATATYPE>STRING</DATATYPE>
        <LENGTH>200</LENGTH>
      </COLUMN>
      <COLUMN name='SERIES'>
        <PATH>/catalog/tfls/SERIES</PATH>
        <TYPE>character</TYPE>
        <DATATYPE>STRING</DATATYPE>
        <LENGTH>200</LENGTH>
      </COLUMN>
      <COLUMN name='POP'>
        <PATH>/catalog/tfls/POP</PATH>
        <TYPE>character</TYPE>
        <DATATYPE>STRING</DATATYPE>
        <LENGTH>200</LENGTH>
      </COLUMN>
      <COLUMN name='PGMER'>
        <PATH>/catalog/tfls/PGMER</PATH>
        <TYPE>character</TYPE>
        <DATATYPE>STRING</DATATYPE>
        <LENGTH>200</LENGTH>
      </COLUMN>
      <COLUMN name='PGMED'>
        <PATH>/catalog/tfls/PGMED</PATH>
        <TYPE>numeric</TYPE>
        <DATATYPE>INTEGER</DATATYPE>
        <LENGTH>8</LENGTH>
      </COLUMN>
      <COLUMN name='PGMDATE'>
        <PATH>/catalog/tfls/PGMDATE</PATH>
        <TYPE>character</TYPE>
        <DATATYPE>STRING</DATATYPE>
        <LENGTH>20</LENGTH>
      </COLUMN>
      <COLUMN name='TESTER'>
        <PATH>/catalog/tfls/TESTER</PATH>
        <TYPE>character</TYPE>
        <DATATYPE>STRING</DATATYPE>
        <LENGTH>200</LENGTH>
      </COLUMN>
      <COLUMN name='TESTED'>
        <PATH>/catalog/tfls/TESTED</PATH>
        <TYPE>numeric</TYPE>
        <DATATYPE>INTEGER</DATATYPE>
        <LENGTH>8</LENGTH>
      </COLUMN>
      <COLUMN name='TESTDT'>
        <PATH>/catalog/tfls/TESTDT</PATH>
        <TYPE>character</TYPE>
        <DATATYPE>STRING</DATATYPE>
        <LENGTH>20</LENGTH>
      </COLUMN>
      <COLUMN name='SOURCE_DATA'>
        <PATH>/catalog/tfls/SOURCE_DATA</PATH>
        <TYPE>character</TYPE>
        <DATATYPE>STRING</DATATYPE>
        <LENGTH>20</LENGTH>
      </COLUMN>
      <COLUMN name='TITLE1'>
        <PATH>/catalog/tfls/TITLE1</PATH>
        <TYPE>character</TYPE>
        <DATATYPE>STRING</DATATYPE>
        <LENGTH>200</LENGTH>
      </COLUMN>
      <COLUMN name='TITLE2'>
        <PATH>/catalog/tfls/TITLE2</PATH>
        <TYPE>character</TYPE>
        <DATATYPE>STRING</DATATYPE>
        <LENGTH>200</LENGTH>
      </COLUMN>
      <COLUMN name='TITLE3'>
        <PATH>/catalog/tfls/TITLE3</PATH>
        <TYPE>character</TYPE>
        <DATATYPE>STRING</DATATYPE>
        <LENGTH>200</LENGTH>
      </COLUMN>
      <COLUMN name='TITLE4'>
        <PATH>/catalog/tfls/TITLE4</PATH>
        <TYPE>character</TYPE>
        <DATATYPE>STRING</DATATYPE>
        <LENGTH>200</LENGTH>
      </COLUMN>
      <COLUMN name='TITLE5'>
        <PATH>/catalog/tfls/TITLE5</PATH>
        <TYPE>character</TYPE>
        <DATATYPE>STRING</DATATYPE>
        <LENGTH>200</LENGTH>
      </COLUMN>
      <COLUMN name='TITLE6'>
        <PATH>/catalog/tfls/TITLE6</PATH>
        <TYPE>character</TYPE>
        <DATATYPE>STRING</DATATYPE>
        <LENGTH>200</LENGTH>
      </COLUMN>
      <COLUMN name='TITLE7'>
        <PATH>/catalog/tfls/TITLE7</PATH>
        <TYPE>character</TYPE>
        <DATATYPE>STRING</DATATYPE>
        <LENGTH>200</LENGTH>
      </COLUMN>      
      <COLUMN name='FOOT2'>
        <PATH>/catalog/tfls/FOOT2</PATH>
        <TYPE>character</TYPE>
        <DATATYPE>STRING</DATATYPE>
        <LENGTH>200</LENGTH>
      </COLUMN>
      <COLUMN name='FOOT3'>
        <PATH>/catalog/tfls/FOOT3</PATH>
        <TYPE>character</TYPE>
        <DATATYPE>STRING</DATATYPE>
        <LENGTH>200</LENGTH>
      </COLUMN>
      <COLUMN name='FOOT4'>
        <PATH>/catalog/tfls/FOOT4</PATH>
        <TYPE>character</TYPE>
        <DATATYPE>STRING</DATATYPE>
        <LENGTH>200</LENGTH>
      </COLUMN>
      <COLUMN name='FOOT5'>
        <PATH>/catalog/tfls/FOOT5</PATH>
        <TYPE>character</TYPE>
        <DATATYPE>STRING</DATATYPE>
        <LENGTH>200</LENGTH>
      </COLUMN>
      <COLUMN name='FOOT6'>
        <PATH>/catalog/tfls/FOOT6</PATH>
        <TYPE>character</TYPE>
        <DATATYPE>STRING</DATATYPE>
        <LENGTH>200</LENGTH>
      </COLUMN>
      <COLUMN name='FOOT7'>
        <PATH>/catalog/tfls/FOOT7</PATH>
        <TYPE>character</TYPE>
        <DATATYPE>STRING</DATATYPE>
        <LENGTH>200</LENGTH>
      </COLUMN>
      <COLUMN name='FOOT8'>
        <PATH>/catalog/tfls/FOOT8</PATH>
        <TYPE>character</TYPE>
        <DATATYPE>STRING</DATATYPE>
        <LENGTH>200</LENGTH>
      </COLUMN>
      <COLUMN name='FOOT9'>
        <PATH>/catalog/tfls/FOOT9</PATH>
        <TYPE>character</TYPE>
        <DATATYPE>STRING</DATATYPE>
        <LENGTH>200</LENGTH>
      </COLUMN>
      <COLUMN name='FOOT10'>
        <PATH>/catalog/tfls/FOOT10</PATH>
        <TYPE>character</TYPE>
        <DATATYPE>STRING</DATATYPE>
        <LENGTH>200</LENGTH>
      </COLUMN>
      <COLUMN name='FOOT11'>
        <PATH>/catalog/tfls/FOOT11</PATH>
        <TYPE>character</TYPE>
        <DATATYPE>STRING</DATATYPE>
        <LENGTH>200</LENGTH>
      </COLUMN>
      <COLUMN name='FOOT12'>
        <PATH>/catalog/tfls/FOOT12</PATH>
        <TYPE>character</TYPE>
        <DATATYPE>STRING</DATATYPE>
        <LENGTH>200</LENGTH>
      </COLUMN>
      <COLUMN name='FOOT13'>
        <PATH>/catalog/tfls/FOOT13</PATH>
        <TYPE>character</TYPE>
        <DATATYPE>STRING</DATATYPE>
        <LENGTH>200</LENGTH>
      </COLUMN>
      <COLUMN name='FOOT14'>
        <PATH>/catalog/tfls/FOOT14</PATH>
        <TYPE>character</TYPE>
        <DATATYPE>STRING</DATATYPE>
        <LENGTH>200</LENGTH>
      </COLUMN>
      <COLUMN name='FOOT15'>
        <PATH>/catalog/tfls/FOOT15</PATH>
        <TYPE>character</TYPE>
        <DATATYPE>STRING</DATATYPE>
        <LENGTH>200</LENGTH>
      </COLUMN>
       <COLUMN name='FOOT16'>
        <PATH>/catalog/tfls/FOOT16</PATH>
        <TYPE>character</TYPE>
        <DATATYPE>STRING</DATATYPE>
        <LENGTH>200</LENGTH>
      </COLUMN>
      <COLUMN name='FOOT17'>
        <PATH>/catalog/tfls/FOOT17</PATH>
        <TYPE>character</TYPE>
        <DATATYPE>STRING</DATATYPE>
        <LENGTH>200</LENGTH>
      </COLUMN>
      <COLUMN name='FOOT18'>
        <PATH>/catalog/tfls/FOOT18</PATH>
        <TYPE>character</TYPE>
        <DATATYPE>STRING</DATATYPE>
        <LENGTH>200</LENGTH>
      </COLUMN>
      <COLUMN name='FOOT19'>
        <PATH>/catalog/tfls/FOOT19</PATH>
        <TYPE>character</TYPE>
        <DATATYPE>STRING</DATATYPE>
        <LENGTH>200</LENGTH>
      </COLUMN>
      <COLUMN name='FOOT20'>
        <PATH>/catalog/tfls/FOOT20</PATH>
        <TYPE>character</TYPE>
        <DATATYPE>STRING</DATATYPE>
        <LENGTH>200</LENGTH>
      </COLUMN>
      <COLUMN name='FOOT21'>
        <PATH>/catalog/tfls/FOOT21</PATH>
        <TYPE>character</TYPE>
        <DATATYPE>STRING</DATATYPE>
        <LENGTH>200</LENGTH>
      </COLUMN>
      <COLUMN name='SOURCE'>
        <PATH>/catalog/tfls/SOURCE</PATH>
        <TYPE>character</TYPE>
        <DATATYPE>STRING</DATATYPE>
        <LENGTH>200</LENGTH>
      </COLUMN>
      <COLUMN name='PHASE'>
        <PATH>/catalog/tfls/PHASE</PATH>
        <TYPE>character</TYPE>
        <DATATYPE>STRING</DATATYPE>
        <LENGTH>200</LENGTH>
      </COLUMN>
      <COLUMN name='OBS'>
        <PATH>/catalog/tfls/OBS</PATH>
        <TYPE>character</TYPE>
        <DATATYPE>STRING</DATATYPE>
        <LENGTH>200</LENGTH>
      </COLUMN>
   </TABLE>
</SXLEMAP>